Processing 1 batch:   0%|          | 0/51 [00:00<?, ?it/s]Processing 1 batch:   2%|▏         | 1/51 [00:02<02:14,  2.69s/it]Processing 1 batch:   4%|▍         | 2/51 [00:07<03:01,  3.71s/it]Processing 1 batch:   6%|▌         | 3/51 [00:08<02:15,  2.82s/it]Processing 1 batch:   8%|▊         | 4/51 [00:13<02:38,  3.37s/it]Processing 1 batch:  10%|▉         | 5/51 [00:17<02:53,  3.77s/it]Processing 1 batch:  12%|█▏        | 6/51 [00:19<02:16,  3.03s/it]Processing 1 batch:  14%|█▎        | 7/51 [00:28<03:38,  4.96s/it]Processing 1 batch:  16%|█▌        | 8/51 [00:35<04:01,  5.62s/it]Processing 1 batch:  18%|█▊        | 9/51 [00:37<03:09,  4.51s/it]Processing 1 batch:  20%|█▉        | 10/51 [00:40<02:43,  3.99s/it]Processing 1 batch:  22%|██▏       | 11/51 [00:53<04:34,  6.87s/it]Processing 1 batch:  24%|██▎       | 12/51 [00:54<03:24,  5.24s/it]Processing 1 batch:  25%|██▌       | 13/51 [00:56<02:34,  4.05s/it]Processing 1 batch:  27%|██▋       | 14/51 [00:59<02:16,  3.69s/it]Processing 1 batch:  29%|██▉       | 15/51 [01:03<02:21,  3.92s/it]Processing 1 batch:  31%|███▏      | 16/51 [01:11<03:02,  5.22s/it]Processing 1 batch:  33%|███▎      | 17/51 [01:14<02:28,  4.36s/it]Processing 1 batch:  35%|███▌      | 18/51 [01:15<01:55,  3.51s/it]Processing 1 batch:  37%|███▋      | 19/51 [01:28<03:24,  6.39s/it]Processing 1 batch:  39%|███▉      | 20/51 [01:31<02:42,  5.24s/it]Processing 1 batch:  41%|████      | 21/51 [01:33<02:05,  4.18s/it]Processing 1 batch:  43%|████▎     | 22/51 [01:41<02:35,  5.36s/it]Processing 1 batch:  45%|████▌     | 23/51 [01:44<02:09,  4.62s/it]Processing 1 batch:  47%|████▋     | 24/51 [01:51<02:31,  5.61s/it]Processing 1 batch:  49%|████▉     | 25/51 [01:53<01:53,  4.38s/it]Processing 1 batch:  51%|█████     | 26/51 [01:58<01:51,  4.47s/it]Processing 1 batch:  53%|█████▎    | 27/51 [01:59<01:26,  3.60s/it]Processing 1 batch:  55%|█████▍    | 28/51 [02:02<01:15,  3.28s/it]Processing 1 batch:  57%|█████▋    | 29/51 [02:09<01:41,  4.59s/it]Processing 1 batch:  59%|█████▉    | 30/51 [02:13<01:27,  4.16s/it]Processing 1 batch:  61%|██████    | 31/51 [02:14<01:07,  3.37s/it]Processing 1 batch:  63%|██████▎   | 32/51 [02:18<01:04,  3.42s/it]Processing 1 batch:  65%|██████▍   | 33/51 [02:20<00:53,  2.97s/it]Processing 1 batch:  67%|██████▋   | 34/51 [02:25<01:02,  3.70s/it]Processing 1 batch:  69%|██████▊   | 35/51 [02:26<00:48,  3.04s/it]Processing 1 batch:  71%|███████   | 36/51 [02:40<01:32,  6.14s/it]Processing 1 batch:  73%|███████▎  | 37/51 [02:47<01:32,  6.58s/it]Processing 1 batch:  75%|███████▍  | 38/51 [02:55<01:29,  6.89s/it]Processing 1 batch:  76%|███████▋  | 39/51 [02:57<01:03,  5.29s/it]Processing 1 batch:  78%|███████▊  | 40/51 [02:58<00:46,  4.25s/it]Processing 1 batch:  80%|████████  | 41/51 [03:00<00:35,  3.59s/it]Processing 1 batch:  82%|████████▏ | 42/51 [03:02<00:25,  2.87s/it]Processing 1 batch:  84%|████████▍ | 43/51 [03:04<00:20,  2.61s/it]Processing 1 batch:  86%|████████▋ | 44/51 [03:12<00:30,  4.37s/it]Processing 1 batch:  88%|████████▊ | 45/51 [03:13<00:20,  3.45s/it]Processing 1 batch:  90%|█████████ | 46/51 [03:15<00:13,  2.77s/it]Processing 1 batch:  92%|█████████▏| 47/51 [03:16<00:09,  2.32s/it]Processing 1 batch:  94%|█████████▍| 48/51 [03:20<00:08,  2.79s/it]Processing 1 batch:  96%|█████████▌| 49/51 [03:21<00:04,  2.37s/it]Processing 1 batch: 100%|██████████| 51/51 [03:21<00:00,  3.95s/it]
